<html>
<body>
<pre>
<h1>µVision Build Log</h1>
<h2>Tool Versions:</h2>
IDE-Version: ¦ÌVision V5.20.0.0
Copyright (C) 2016 ARM Ltd and ARM Germany GmbH. All rights reserved.
License Information: fasdf fadsf, dfasd, LIC=ZB4EV-PJ0M8-SBSEJ-UEYUY-KIDFM-T3596
 
Tool Versions:
Toolchain:       MDK-ARM Plus  Version: 5.20
Toolchain Path:  d:\Keil_v5\ARM\ARMCC\Bin
C Compiler:      Armcc.exe V5.06 update 2 (build 183)
Assembler:       Armasm.exe V5.06 update 2 (build 183)
Linker/Locator:  ArmLink.exe V5.06 update 2 (build 183)
Library Manager: ArmAr.exe V5.06 update 2 (build 183)
Hex Converter:   FromElf.exe V5.06 update 2 (build 183)
CPU DLL:         SARMCM3.DLL V5.20
Dialog DLL:      DARMSTM.DLL V1.66.0.0
Target DLL:      Segger\JL2CM3.dll V2.99.20.0
Dialog DLL:      TARMSTM.DLL V1.65.0.0
 
<h2>Project:</h2>
F:\Git\Company\AQ_1\uCGUI_DEMO.uvprojx
Project File Date:  04/08/2020

<h2>Output:</h2>
*** Using Compiler 'V5.06 update 2 (build 183)', folder: 'd:\Keil_v5\ARM\ARMCC\Bin'
Build target 'uCGUI'
compiling HostProcess.c...
user\HostProcess.c(300): warning:  #223-D: function "WriteToSD_address" declared implicitly
  			WriteToSD_address(g_cDev_Carr_Addr,16);
user\HostProcess.c(306): warning:  #223-D: function "ReadFromSD_address" declared implicitly
  			ReadFromSD_address(g_cDev_Carr_Addr,16);
user\HostProcess.c(166): warning:  #177-D: variable "tvoc" was declared but never referenced
  	st_iaq_core tvoc;
user\HostProcess.c(436): warning:  #188-D: enumerated type mixed with another type
  	FLASHStatus = 1;//?å¿?×´Ì¬??Ö¾Î»
user\HostProcess.c(440): warning:  #188-D: enumerated type mixed with another type
  		FLASHStatus = 1;
user\HostProcess.c(448): warning:  #188-D: enumerated type mixed with another type
  	FLASHStatus = 1;
user\HostProcess.c: 6 warnings, 0 errors
compiling main.c...
user\RTC.h(41): warning:  #1-D: last line of file ends without a newline
  #endif 
user\usart2.h(51): warning:  #1-D: last line of file ends without a newline
  #endif
user\Protol_3762.h(62): warning:  #1-D: last line of file ends without a newline
  #endif
user\led.h(35): warning:  #1-D: last line of file ends without a newline
  #endif	
user\led.h(35): warning:  #1-D: last line of file ends without a newline
  #endif	
user\turn_ASCII.h(14): warning:  #1-D: last line of file ends without a newline
  #endif
user\turn_ASCII.h(14): warning:  #1-D: last line of file ends without a newline
  #endif
user\hcho.h(37): warning:  #1-D: last line of file ends without a newline
  #endif
user\main.c(207): warning:  #128-D: loop is not reachable
  	while(1)
user\main.c(257): warning:  #177-D: variable "work" was declared but never referenced
      BYTE work[FF_MAX_SS]; /* Work area (larger is better for processing time) */
user\main.c(259): warning:  #177-D: variable "i" was declared but never referenced
      UINT i;
user\main.c(260): warning:  #177-D: variable "ii" was declared but never referenced
      UINT* ii;
user\main.c(262): warning:  #550-D: variable "res" was set but never used
      int res;
user\main.c(370): warning:  #177-D: variable "i" was declared but never referenced
          int i; 
user\main.c: 14 warnings, 0 errors
linking...
Program Size: Code=58000 RO-data=308780 RW-data=2260 ZI-data=1093852  
FromELF: creating hex file...
".\Output\Tiky_uCGUI_DEMO.axf" - 0 Error(s), 20 Warning(s).

<h2>Collection of Component include folders:</h2>
  F:\Git\Company\AQ_1\RTE
  d:\Keil_v5\ARM\PACK\Keil\STM32F1xx_DFP\1.1.0\Device\Include

<h2>Collection of Component Files used:</h2>
Build Time Elapsed:  00:00:14
</pre>
</body>
</html>
